                                                                   discipline RMASanitizer
001-shmem-conflict-putnbi-load-local-no.c                            conflict           TN
002-shmem-conflict-putnbi-store-local-yes.c                          conflict           TP
003-shmem-conflict-putnbi-putnbi-local-no.c                          conflict           TN
004-shmem-conflict-getnbi-load-local-yes.c                           conflict           TP
005-shmem-conflict-getnbi-store-local-yes.c                          conflict           TP
006-shmem-conflict-getnbi-putnbi-local-yes.c                         conflict           TP
007-shmem-conflict-getnbi-getnbi-local-yes.c                         conflict           TP
008-shmem-conflict-put_signal_nbi-store-local-yes.c                  conflict           TP
009-shmem-conflict-put_signal_nbi-load-local-no.c                    conflict           TN
010-shmem-conflict-atomicfetchnbi-store-local-yes.c                  conflict           TP
011-shmem-conflict-atomicfetchnbi-load-local-yes.c                   conflict           TP
012-shmem-conflict-atomicfetchincnbi-store-local-yes.c               conflict           TP
013-shmem-conflict-atomicfetchincnbi-load-local-yes.c                conflict           TP
014-shmem-conflict-atomiccompareswapnbi-load-local-yes.c             conflict           TP
015-shmem-conflict-atomiccompareswapnbi-store-local-yes.c            conflict           TP
016-shmem-conflict-get-load-remote-no.c                              conflict           TN
017-shmem-conflict-get-get-remote-no.c                               conflict           TN
018-shmem-conflict-get-store-remote-yes.c                            conflict           TP
019-shmem-conflict-get-put-remote-yes.c                              conflict           TP
020-shmem-conflict-get-atomicfetch-remote-no.c                       conflict           TN
021-shmem-conflict-get-atomicset-remote-yes.c                        conflict           TP
022-shmem-conflict-put-load-remote-yes.c                             conflict           TP
023-shmem-conflict-put-store-remote-yes.c                            conflict           TP
024-shmem-conflict-put-put-remote-yes.c                              conflict           TP
025-shmem-conflict-put-atomicfetch-remote-yes.c                      conflict           TP
026-shmem-conflict-put-atomicset-remote-yes.c                        conflict           TP
027-shmem-conflict-atomicset-load-remote-yes.c                       conflict           TP
028-shmem-conflict-atomicset-store-remote-yes.c                      conflict           TP
029-shmem-conflict-atomicset-atomicset-remote-no.c                   conflict           TN
030-shmem-conflict-atomicset-atomicfetch-remote-no.c                 conflict           TN
031-shmem-conflict-atomicfetch-atomicfetch-remote-no.c               conflict           TN
032-shmem-conflict-atomicfetch-load-remote-no.c                      conflict           TN
033-shmem-conflict-atomicfetch-store-remote-yes.c                    conflict           TP
034-shmem-conflict-put_signal-store-remote-yes.c                     conflict           TP
035-shmem-conflict-put_signal-put_signal-remote-yes.c                conflict           TP
036-shmem-conflict-g-store-remote-yes.c                              conflict           TP
037-shmem-conflict-g-put-remote-yes.c                                conflict           TP
038-shmem-conflict-p-load-remote-yes.c                               conflict           TP
039-shmem-conflict-p-get-remote-yes.c                                conflict           TP
040-shmem-conflict-iput-store-remote-yes.c                           conflict           TP
041-shmem-conflict-iput-put-remote-yes.c                             conflict           TP
042-shmem-conflict-iget-store-remote-yes.c                           conflict           TP
043-shmem-conflict-iget-put-remote-yes.c                             conflict           TP
044-shmem-conflict-atomicfetchnbi-atomicfetchnbi-remote-no.c         conflict           TN
045-shmem-conflict-atomicfetchnbi-load-remote-no.c                   conflict           TN
046-shmem-conflict-atomicfetchinc-atomicfetchinc-remote-no.c         conflict           TN
047-shmem-conflict-atomicfetchnbi-store-remote-yes.c                 conflict           TP
048-shmem-conflict-atomiccompareswapnbi-store-remote-yes.c           conflict           TP
049-shmem-conflict-atomiccompareswapnbi-atomicfetchnbi-remote-no.c   conflict           TN
001-shmem-sync-barrierall-local-yes.c                                    sync           TP
002-shmem-sync-barrierall-local-no.c                                     sync           TN
003-shmem-sync-barrierall-remote-yes.c                                   sync           TP
004-shmem-sync-barrierall-remote-no.c                                    sync           TN
005-shmem-sync-quiet-local-yes.c                                         sync           TP
006-shmem-sync-quiet-local-no.c                                          sync           TN
007-shmem-sync-quiet-sync-remote-no.c                                    sync           TN
008-shmem-sync-quiet-sync-remote-yes.c                                   sync           TP
009-shmem-sync-fence-put-put-remote-no.c                                 sync           TN
010-shmem-sync-fence-getnbi-put-remote-yes.c                             sync           TP
011-shmem-sync-lock-remote-no.c                                          sync           TN
012-shmem-sync-lock-remote-yes.c                                         sync           TP
013-shmem-sync-waituntil-remote-yes.c                                    sync           TP
014-shmem-sync-waituntil-remote-no.c                                     sync           TN
015-shmem-sync-putsignal-remote-no.c                                     sync           FP
016-shmem-sync-putsignal-remote-yes.c                                    sync           FN
017-shmem-sync-ctx-remote-no.c                                           sync           TN
018-shmem-sync-ctx-remote-yes.c                                          sync           TP
019-shmem-sync-collective-reduce-remote-no.c                             sync           TN
020-shmem-sync-collective-reduce-remote-yes.c                            sync           TP
021-shmem-sync-team-sync-remote-yes.c                                    sync           TP
022-shmem-sync-team-sync-remote-no.c                                     sync           TN
001-shmem-atomic-different-ctx-remote-yes.c                            atomic           FN
002-shmem-atomic-same-ctx-remote-no.c                                  atomic           TN
003-shmem-atomic-same-domain-remote-no.c                               atomic           TN
004-shmem-atomic-int-int-remote-no.c                                   atomic           TN
005-shmem-atomic-int-int-sameorigin-remote-no.c                        atomic           TN
006-shmem-atomic-double-long-remote-yes.c                              atomic           TP
007-shmem-atomic-int-long-remote-yes.c                                 atomic           TP
008-shmem-atomic-int-float-remote-yes.c                                atomic           TP
009-shmem-atomic-int-float-sameorigin-remote-yes.c                     atomic           TP
001-shmem-hybrid-for-local-yes.c                                       hybrid           TP
002-shmem-hybrid-for-ordered-local-no.c                                hybrid           TN
003-shmem-hybrid-master-local-no.c                                     hybrid           TN
004-shmem-hybrid-master-local-yes.c                                    hybrid           TP
005-shmem-hybrid-single-local-no.c                                     hybrid           TN
006-shmem-hybrid-single-local-yes.c                                    hybrid           TP
007-shmem-hybrid-section-local-no.c                                    hybrid           TN
008-shmem-hybrid-section-local-yes.c                                   hybrid           TP
009-shmem-hybrid-task-local-no.c                                       hybrid           TN
010-shmem-hybrid-task-local-yes.c                                      hybrid           TP
011-shmem-hybrid-for-ordered-remote-no.c                               hybrid           TN
012-shmem-hybrid-for-remote-yes.c                                      hybrid           TP
013-shmem-hybrid-master-remote-no.c                                    hybrid           TN
014-shmem-hybrid-master-remote-yes.c                                   hybrid           TP
015-shmem-hybrid-single-remote-no.c                                    hybrid           TN
016-shmem-hybrid-single-remote-yes.c                                   hybrid           TP
017-shmem-hybrid-section-remote-no.c                                   hybrid           TN
018-shmem-hybrid-section-remote-yes.c                                  hybrid           TP
019-shmem-hybrid-task-remote-no.c                                      hybrid           TN
020-shmem-hybrid-task-remote-yes.c                                     hybrid           TP
021-shmem-hybrid-lock-section-barrier-origin-remote-yes.c              hybrid           FN
022-shmem-hybrid-lock-section-barrier-origin-signal-remote-yes.c       hybrid           FN
              Precision  Recall  Accuracy
RMASanitizer      0.983   0.937     0.951
         RMASanitizer                            
                   TP  TN FP FN TO    P    R    A
Conflict           35  14  0  0  0 1.00 1.00 1.00
Sync               10  10  1  1  0 0.91 0.91 0.91
Atomic              4   4  0  1  0 1.00 0.80 0.89
Hybrid             10  10  0  2  0 1.00 0.83 0.91
Total              59  38  1  4  0 0.98 0.94 0.95
